// Jest Snapshot v1, https://goo.gl/fbAQLP

exports[`Header renders correctly 1`] = `
<header
  className="css-mdxq5x"
>
  <div
    className="css-1pgpot"
  >
    <nav
      aria-labelledby="primary-navigation"
    >
      <ul>
        <a
          css={
            Array [
              Object {
                "map": undefined,
                "name": "1r8x0r8",
                "next": undefined,
                "styles": "
  color: black;
  margin-left: 15px;
  text-decoration: none;
  display: inline-block;
  position: relative;

  ::after {
    content: \\"\\";
    position: absolute;
    width: 100%;
    transform: scaleX(0);
    height: 2px;
    bottom: 0;
    left: 0;
    background-color: rgba(0, 0, 0, 0.8);
    transform-origin: bottom right;
    transition: transform 0.4s cubic-bezier(0.86, 0, 0.07, 1);
  }

  :hover::after {
    transform: scaleX(1);
    transform-origin: bottom left;
  }
",
                "toString": [Function],
              },
              Object {
                "map": undefined,
                "name": "18fb5p7",
                "next": undefined,
                "styles": "
  margin-left: 0;
",
                "toString": [Function],
              },
            ]
          }
        >
          menu:home
        </a>
        <a
          css={
            Array [
              Object {
                "map": undefined,
                "name": "1r8x0r8",
                "next": undefined,
                "styles": "
  color: black;
  margin-left: 15px;
  text-decoration: none;
  display: inline-block;
  position: relative;

  ::after {
    content: \\"\\";
    position: absolute;
    width: 100%;
    transform: scaleX(0);
    height: 2px;
    bottom: 0;
    left: 0;
    background-color: rgba(0, 0, 0, 0.8);
    transform-origin: bottom right;
    transition: transform 0.4s cubic-bezier(0.86, 0, 0.07, 1);
  }

  :hover::after {
    transform: scaleX(1);
    transform-origin: bottom left;
  }
",
                "toString": [Function],
              },
              false,
            ]
          }
        >
          menu:blog
        </a>
        <a
          css={
            Object {
              "map": undefined,
              "name": "1r8x0r8",
              "next": undefined,
              "styles": "
  color: black;
  margin-left: 15px;
  text-decoration: none;
  display: inline-block;
  position: relative;

  ::after {
    content: \\"\\";
    position: absolute;
    width: 100%;
    transform: scaleX(0);
    height: 2px;
    bottom: 0;
    left: 0;
    background-color: rgba(0, 0, 0, 0.8);
    transform-origin: bottom right;
    transition: transform 0.4s cubic-bezier(0.86, 0, 0.07, 1);
  }

  :hover::after {
    transform: scaleX(1);
    transform-origin: bottom left;
  }
",
              "toString": [Function],
            }
          }
        >
          menu:github
        </a>
        <a
          css={
            Array [
              Object {
                "map": undefined,
                "name": "1r8x0r8",
                "next": undefined,
                "styles": "
  color: black;
  margin-left: 15px;
  text-decoration: none;
  display: inline-block;
  position: relative;

  ::after {
    content: \\"\\";
    position: absolute;
    width: 100%;
    transform: scaleX(0);
    height: 2px;
    bottom: 0;
    left: 0;
    background-color: rgba(0, 0, 0, 0.8);
    transform-origin: bottom right;
    transition: transform 0.4s cubic-bezier(0.86, 0, 0.07, 1);
  }

  :hover::after {
    transform: scaleX(1);
    transform-origin: bottom left;
  }
",
                "toString": [Function],
              },
              false,
            ]
          }
        >
          menu:aboutMe
        </a>
        <a
          css={
            Array [
              Object {
                "map": undefined,
                "name": "1r8x0r8",
                "next": undefined,
                "styles": "
  color: black;
  margin-left: 15px;
  text-decoration: none;
  display: inline-block;
  position: relative;

  ::after {
    content: \\"\\";
    position: absolute;
    width: 100%;
    transform: scaleX(0);
    height: 2px;
    bottom: 0;
    left: 0;
    background-color: rgba(0, 0, 0, 0.8);
    transform-origin: bottom right;
    transition: transform 0.4s cubic-bezier(0.86, 0, 0.07, 1);
  }

  :hover::after {
    transform: scaleX(1);
    transform-origin: bottom left;
  }
",
                "toString": [Function],
              },
              false,
            ]
          }
        >
          menu:contact
        </a>
        <a
          css={
            Array [
              Object {
                "map": undefined,
                "name": "1r8x0r8",
                "next": undefined,
                "styles": "
  color: black;
  margin-left: 15px;
  text-decoration: none;
  display: inline-block;
  position: relative;

  ::after {
    content: \\"\\";
    position: absolute;
    width: 100%;
    transform: scaleX(0);
    height: 2px;
    bottom: 0;
    left: 0;
    background-color: rgba(0, 0, 0, 0.8);
    transform-origin: bottom right;
    transition: transform 0.4s cubic-bezier(0.86, 0, 0.07, 1);
  }

  :hover::after {
    transform: scaleX(1);
    transform-origin: bottom left;
  }
",
                "toString": [Function],
              },
              false,
            ]
          }
          href="/"
        >
          es
        </a>
      </ul>
    </nav>
  </div>
</header>
`;
